#
# There is insufficient memory for the Java Runtime Environment to continue.
# Native memory allocation (malloc) failed to allocate 32744 bytes for Chunk::new
# Possible reasons:
#   The system is out of physical RAM or swap space
#   The process is running with CompressedOops enabled, and the Java Heap may be blocking the growth of the native heap
# Possible solutions:
#   Reduce memory load on the system
#   Increase physical memory or swap space
#   Check if swap backing store is full
#   Decrease Java heap size (-Xmx/-Xms)
#   Decrease number of Java threads
#   Decrease Java thread stack sizes (-Xss)
#   Set larger code cache with -XX:ReservedCodeCacheSize=
#   JVM is running with Unscaled Compressed Oops mode in which the Java heap is
#     placed in the first 4GB address space. The Java Heap base address is the
#     maximum limit for the native heap growth. Please use -XX:HeapBaseMinAddress
#     to set the Java Heap base and to place the Java Heap above 4GB virtual address.
# This output file may be truncated or incomplete.
#
#  Out of Memory Error (arena.cpp:168), pid=8520, tid=53480
#
# JRE version: Java(TM) SE Runtime Environment (21.0.10+8) (build 21.0.10+8-LTS-217)
# Java VM: Java HotSpot(TM) 64-Bit Server VM (21.0.10+8-LTS-217, mixed mode, sharing, tiered, compressed oops, compressed class ptrs, g1 gc, windows-amd64)
# No core dump will be written. Minidumps are not enabled by default on client versions of Windows
#

---------------  S U M M A R Y ------------

Command Line: -Xmx64m -Xms64m -Dorg.gradle.appname=gradlew org.gradle.wrapper.GradleWrapperMain app:installDebug -x lint -PreactNativeDevServerPort=8081

Host: Intel(R) Core(TM) i5-10310U CPU @ 1.70GHz, 8 cores, 15G,  Windows 11 , 64 bit Build 26100 (10.0.26100.8521)
Time: Mon Sep 28 12:27:00 2026 India Standard Time elapsed time: 1073.451417 seconds (0d 0h 17m 53s)

---------------  T H R E A D  ---------------

Current thread (0x00000205fadb3a70):  JavaThread "C1 CompilerThread0" daemon [_thread_in_vm, id=53480, stack(0x0000006835100000,0x0000006835200000) (1024K)]


Current CompileTask:
C1:1073451 2820       3       java.net.URLStreamHandler::parseURL (1124 bytes)

Stack: [0x0000006835100000,0x0000006835200000]
Native frames: (J=compiled Java code, j=interpreted, Vv=VM code, C=native code)
V  [jvm.dll+0x6d0b59]
V  [jvm.dll+0x85fd56]
V  [jvm.dll+0x86224e]
V  [jvm.dll+0x862923]
V  [jvm.dll+0x282a16]
V  [jvm.dll+0xc662d]
V  [jvm.dll+0xc6b71]
V  [jvm.dll+0x1fe871]
V  [jvm.dll+0x1eeac4]
V  [jvm.dll+0x1eb417]
V  [jvm.dll+0x1eb339]
V  [jvm.dll+0x2063e5]
V  [jvm.dll+0x15b4da]
V  [jvm.dll+0x16278e]
V  [jvm.dll+0x160da6]
V  [jvm.dll+0x16943c]
V  [jvm.dll+0x168936]
V  [jvm.dll+0x160506]
V  [jvm.dll+0x16279d]
V  [jvm.dll+0x160cac]
V  [jvm.dll+0x16943c]
V  [jvm.dll+0x168936]
V  [jvm.dll+0x160506]
V  [jvm.dll+0x16279d]
V  [jvm.dll+0x160cac]
V  [jvm.dll+0x16943c]
V  [jvm.dll+0x168936]
V  [jvm.dll+0x160506]
V  [jvm.dll+0x16279d]
V  [jvm.dll+0x160da6]
V  [jvm.dll+0x16943c]
V  [jvm.dll+0x168936]
V  [jvm.dll+0x160506]
V  [jvm.dll+0x16279d]
V  [jvm.dll+0x160da6]
V  [jvm.dll+0x16943c]
V  [jvm.dll+0x168936]
V  [jvm.dll+0x160506]
V  [jvm.dll+0x16279d]
V  [jvm.dll+0x160da6]
V  [jvm.dll+0x15abc7]
V  [jvm.dll+0x16a568]
V  [jvm.dll+0x1560d5]
V  [jvm.dll+0x156463]
V  [jvm.dll+0x15672c]
V  [jvm.dll+0x155b4c]
V  [jvm.dll+0x15792d]
V  [jvm.dll+0x25a629]
V  [jvm.dll+0x258bb5]
V  [jvm.dll+0x3f4da1]
V  [jvm.dll+0x80a83d]
V  [jvm.dll+0x6cf3fd]
C  [ucrtbase.dll+0x2cd30]
C  [KERNEL32.DLL+0x2e957]
C  [ntdll.dll+0x87c1c]


---------------  P R O C E S S  ---------------

Threads class SMR info:
_java_thread_list=0x00000205d0b36100, length=13, elements={
0x00000205ed8e1790, 0x00000205fad842b0, 0x00000205fad87120, 0x00000205fad8fbe0,
0x00000205fad90b20, 0x00000205fad91ed0, 0x00000205fad93280, 0x00000205fada5440,
0x00000205fadb3a70, 0x00000205fad91840, 0x00000205fad911b0, 0x00000205fad92560,
0x00000205fad93910
}

Java Threads: ( => current thread )
  0x00000205ed8e1790 JavaThread "main"                              [_thread_blocked, id=23716, stack(0x0000006834200000,0x0000006834300000) (1024K)]
  0x00000205fad842b0 JavaThread "Reference Handler"          daemon [_thread_blocked, id=55680, stack(0x0000006834a00000,0x0000006834b00000) (1024K)]
  0x00000205fad87120 JavaThread "Finalizer"                  daemon [_thread_blocked, id=15940, stack(0x0000006834b00000,0x0000006834c00000) (1024K)]
  0x00000205fad8fbe0 JavaThread "Signal Dispatcher"          daemon [_thread_blocked, id=13508, stack(0x0000006834c00000,0x0000006834d00000) (1024K)]
  0x00000205fad90b20 JavaThread "Attach Listener"            daemon [_thread_blocked, id=55612, stack(0x0000006834d00000,0x0000006834e00000) (1024K)]
  0x00000205fad91ed0 JavaThread "Service Thread"             daemon [_thread_blocked, id=6692, stack(0x0000006834e00000,0x0000006834f00000) (1024K)]
  0x00000205fad93280 JavaThread "Monitor Deflation Thread"   daemon [_thread_blocked, id=9288, stack(0x0000006834f00000,0x0000006835000000) (1024K)]
  0x00000205fada5440 JavaThread "C2 CompilerThread0"         daemon [_thread_blocked, id=26928, stack(0x0000006835000000,0x0000006835100000) (1024K)]
=>0x00000205fadb3a70 JavaThread "C1 CompilerThread0"         daemon [_thread_in_vm, id=53480, stack(0x0000006835100000,0x0000006835200000) (1024K)]
  0x00000205fad91840 JavaThread "Notification Thread"        daemon [_thread_blocked, id=30748, stack(0x0000006835200000,0x0000006835300000) (1024K)]
  0x00000205fad911b0 JavaThread "Common-Cleaner"             daemon [_thread_blocked, id=54800, stack(0x0000006835300000,0x0000006835400000) (1024K)]
  0x00000205fad92560 JavaThread "pool-1-thread-1"                   [_thread_blocked, id=12940, stack(0x0000006835500000,0x0000006835600000) (1024K)]
  0x00000205fad93910 JavaThread "Thread-4"                   daemon [_thread_blocked, id=35456, stack(0x0000006833f00000,0x0000006834000000) (1024K)]
Total: 13

Other Threads:
  0x00000205efccb7e0 VMThread "VM Thread"                           [id=36004, stack(0x0000006834900000,0x0000006834a00000) (1024K)] _threads_hazard_ptr=0x00000205d0b36100
  0x00000205efcbc4a0 WatcherThread "VM Periodic Task Thread"        [id=36444, stack(0x0000006834800000,0x0000006834900000) (1024K)]
  0x00000205efc35aa0 WorkerThread "GC Thread#0"                     [id=24504, stack(0x0000006834300000,0x0000006834400000) (1024K)]
  0x00000205ff50b010 WorkerThread "GC Thread#1"                     [id=52504, stack(0x0000006835600000,0x0000006835700000) (1024K)]
  0x00000205ff50b3c0 WorkerThread "GC Thread#2"                     [id=16180, stack(0x0000006835700000,0x0000006835800000) (1024K)]
  0x00000205ff8d1390 WorkerThread "GC Thread#3"                     [id=15216, stack(0x0000006835800000,0x0000006835900000) (1024K)]
  0x00000205ff634f50 WorkerThread "GC Thread#4"                     [id=46228, stack(0x0000006835900000,0x0000006835a00000) (1024K)]
  0x00000205d03a3bb0 WorkerThread "GC Thread#5"                     [id=4168, stack(0x0000006835a00000,0x0000006835b00000) (1024K)]
  0x00000205ffbfea90 WorkerThread "GC Thread#6"                     [id=3052, stack(0x0000006835b00000,0x0000006835c00000) (1024K)]
  0x00000205d07aba30 WorkerThread "GC Thread#7"                     [id=25452, stack(0x0000006835c00000,0x0000006835d00000) (1024K)]
  0x00000205efc382a0 ConcurrentGCThread "G1 Main Marker"            [id=34916, stack(0x0000006834400000,0x0000006834500000) (1024K)]
  0x00000205efc39c30 WorkerThread "G1 Conc#0"                       [id=43632, stack(0x0000006834500000,0x0000006834600000) (1024K)]
  0x00000205efcad6b0 ConcurrentGCThread "G1 Refine#0"               [id=31508, stack(0x0000006834600000,0x0000006834700000) (1024K)]
  0x00000205efcaf0e0 ConcurrentGCThread "G1 Service"                [id=33364, stack(0x0000006834700000,0x0000006834800000) (1024K)]
Total: 14

Threads with active compile tasks:
C1 CompilerThread0  1073504 2820       3       java.net.URLStreamHandler::parseURL (1124 bytes)
Total: 1

VM state: synchronizing (normal execution)

VM Mutex/Monitor currently owned by a thread:  ([mutex/lock_event])
[0x00007ffe1e8d9f10] Threads_lock - owner thread: 0x00000205efccb7e0

Heap address: 0x00000000fc000000, size: 64 MB, Compressed Oops mode: 32-bit

CDS archive(s) mapped at: [0x000002058f000000-0x000002058fc90000-0x000002058fc90000), size 13172736, SharedBaseAddress: 0x000002058f000000, ArchiveRelocationMode: 1.
Compressed class space mapped at: 0x0000020590000000-0x00000205d0000000, reserved size: 1073741824
Narrow klass base: 0x000002058f000000, Narrow klass shift: 0, Narrow klass range: 0x100000000

GC Precious Log:
 CardTable entry size: 512
 Card Set container configuration: InlinePtr #cards 5 size 8 Array Of Cards #cards 12 size 40 Howl #buckets 4 coarsen threshold 1843 Howl Bitmap #cards 512 size 80 coarsen threshold 460 Card regions per heap region 1 cards per card region 2048
 CPUs: 8 total, 8 available
 Memory: 16067M
 Large Page Support: Disabled
 NUMA Support: Disabled
 Compressed Oops: Enabled (32-bit)
 Heap Region Size: 1M
 Heap Min Capacity: 64M
 Heap Initial Capacity: 64M
 Heap Max Capacity: 64M
 Pre-touch: Disabled
 Parallel Workers: 8
 Concurrent Workers: 2
 Concurrent Refinement Workers: 8
 Periodic GC: Disabled

Heap:
 garbage-first heap   total 65536K, used 16894K [0x00000000fc000000, 0x0000000100000000)
  region size 1024K, 6 young (6144K), 2 survivors (2048K)
 Metaspace       used 11736K, committed 12032K, reserved 1114112K
  class space    used 1451K, committed 1600K, reserved 1048576K

Heap Regions: E=young(eden), S=young(survivor), O=old, HS=humongous(starts), HC=humongous(continues), CS=collection set, F=free, TAMS=top-at-mark-start, PB=parsable bottom
|   0|0x00000000fc000000, 0x00000000fc100000, 0x00000000fc100000|100%|HS|  |TAMS 0x00000000fc000000| PB 0x00000000fc000000| Complete 
|   1|0x00000000fc100000, 0x00000000fc200000, 0x00000000fc200000|100%|HC|  |TAMS 0x00000000fc100000| PB 0x00000000fc100000| Complete 
|   2|0x00000000fc200000, 0x00000000fc300000, 0x00000000fc300000|100%|HC|  |TAMS 0x00000000fc200000| PB 0x00000000fc200000| Complete 
|   3|0x00000000fc300000, 0x00000000fc400000, 0x00000000fc400000|100%| O|  |TAMS 0x00000000fc300000| PB 0x00000000fc300000| Untracked 
|   4|0x00000000fc400000, 0x00000000fc500000, 0x00000000fc500000|100%| O|  |TAMS 0x00000000fc400000| PB 0x00000000fc400000| Untracked 
|   5|0x00000000fc500000, 0x00000000fc600000, 0x00000000fc600000|100%| O|  |TAMS 0x00000000fc500000| PB 0x00000000fc500000| Untracked 
|   6|0x00000000fc600000, 0x00000000fc700000, 0x00000000fc700000|100%| O|  |TAMS 0x00000000fc600000| PB 0x00000000fc600000| Untracked 
|   7|0x00000000fc700000, 0x00000000fc800000, 0x00000000fc800000|100%| O|  |TAMS 0x00000000fc700000| PB 0x00000000fc700000| Untracked 
|   8|0x00000000fc800000, 0x00000000fc900000, 0x00000000fc900000|100%| O|  |TAMS 0x00000000fc800000| PB 0x00000000fc800000| Untracked 
|   9|0x00000000fc900000, 0x00000000fca00000, 0x00000000fca00000|100%| O|  |TAMS 0x00000000fc900000| PB 0x00000000fc900000| Untracked 
|  10|0x00000000fca00000, 0x00000000fcb00000, 0x00000000fcb00000|100%| O|  |TAMS 0x00000000fca00000| PB 0x00000000fca00000| Untracked 
|  11|0x00000000fcb00000, 0x00000000fcc00000, 0x00000000fcc00000|100%| O|  |TAMS 0x00000000fcb00000| PB 0x00000000fcb00000| Untracked 
|  12|0x00000000fcc00000, 0x00000000fcc3a3f8, 0x00000000fcd00000| 22%| O|  |TAMS 0x00000000fcc00000| PB 0x00000000fcc00000| Untracked 
|  13|0x00000000fcd00000, 0x00000000fcd00000, 0x00000000fce00000|  0%| F|  |TAMS 0x00000000fcd00000| PB 0x00000000fcd00000| Untracked 
|  14|0x00000000fce00000, 0x00000000fce00000, 0x00000000fcf00000|  0%| F|  |TAMS 0x00000000fce00000| PB 0x00000000fce00000| Untracked 
|  15|0x00000000fcf00000, 0x00000000fcf00000, 0x00000000fd000000|  0%| F|  |TAMS 0x00000000fcf00000| PB 0x00000000fcf00000| Untracked 
|  16|0x00000000fd000000, 0x00000000fd000000, 0x00000000fd100000|  0%| F|  |TAMS 0x00000000fd000000| PB 0x00000000fd000000| Untracked 
|  17|0x00000000fd100000, 0x00000000fd100000, 0x00000000fd200000|  0%| F|  |TAMS 0x00000000fd100000| PB 0x00000000fd100000| Untracked 
|  18|0x00000000fd200000, 0x00000000fd200000, 0x00000000fd300000|  0%| F|  |TAMS 0x00000000fd200000| PB 0x00000000fd200000| Untracked 
|  19|0x00000000fd300000, 0x00000000fd300000, 0x00000000fd400000|  0%| F|  |TAMS 0x00000000fd300000| PB 0x00000000fd300000| Untracked 
|  20|0x00000000fd400000, 0x00000000fd400000, 0x00000000fd500000|  0%| F|  |TAMS 0x00000000fd400000| PB 0x00000000fd400000| Untracked 
|  21|0x00000000fd500000, 0x00000000fd500000, 0x00000000fd600000|  0%| F|  |TAMS 0x00000000fd500000| PB 0x00000000fd500000| Untracked 
|  22|0x00000000fd600000, 0x00000000fd600000, 0x00000000fd700000|  0%| F|  |TAMS 0x00000000fd600000| PB 0x00000000fd600000| Untracked 
|  23|0x00000000fd700000, 0x00000000fd700000, 0x00000000fd800000|  0%| F|  |TAMS 0x00000000fd700000| PB 0x00000000fd700000| Untracked 
|  24|0x00000000fd800000, 0x00000000fd800000, 0x00000000fd900000|  0%| F|  |TAMS 0x00000000fd800000| PB 0x00000000fd800000| Untracked 
|  25|0x00000000fd900000, 0x00000000fd900000, 0x00000000fda00000|  0%| F|  |TAMS 0x00000000fd900000| PB 0x00000000fd900000| Untracked 
|  26|0x00000000fda00000, 0x00000000fda00000, 0x00000000fdb00000|  0%| F|  |TAMS 0x00000000fda00000| PB 0x00000000fda00000| Untracked 
|  27|0x00000000fdb00000, 0x00000000fdb00000, 0x00000000fdc00000|  0%| F|  |TAMS 0x00000000fdb00000| PB 0x00000000fdb00000| Untracked 
|  28|0x00000000fdc00000, 0x00000000fdc00000, 0x00000000fdd00000|  0%| F|  |TAMS 0x00000000fdc00000| PB 0x00000000fdc00000| Untracked 
|  29|0x00000000fdd00000, 0x00000000fdd00000, 0x00000000fde00000|  0%| F|  |TAMS 0x00000000fdd00000| PB 0x00000000fdd00000| Untracked 
|  30|0x00000000fde00000, 0x00000000fde00000, 0x00000000fdf00000|  0%| F|  |TAMS 0x00000000fde00000| PB 0x00000000fde00000| Untracked 
|  31|0x00000000fdf00000, 0x00000000fdf00000, 0x00000000fe000000|  0%| F|  |TAMS 0x00000000fdf00000| PB 0x00000000fdf00000| Untracked 
|  32|0x00000000fe000000, 0x00000000fe045410, 0x00000000fe100000| 27%| S|CS|TAMS 0x00000000fe000000| PB 0x00000000fe000000| Complete 
|  33|0x00000000fe100000, 0x00000000fe200000, 0x00000000fe200000|100%| S|CS|TAMS 0x00000000fe100000| PB 0x00000000fe100000| Complete 
|  34|0x00000000fe200000, 0x00000000fe200000, 0x00000000fe300000|  0%| F|  |TAMS 0x00000000fe200000| PB 0x00000000fe200000| Untracked 
|  35|0x00000000fe300000, 0x00000000fe300000, 0x00000000fe400000|  0%| F|  |TAMS 0x00000000fe300000| PB 0x00000000fe300000| Untracked 
|  36|0x00000000fe400000, 0x00000000fe400000, 0x00000000fe500000|  0%| F|  |TAMS 0x00000000fe400000| PB 0x00000000fe400000| Untracked 
|  37|0x00000000fe500000, 0x00000000fe500000, 0x00000000fe600000|  0%| F|  |TAMS 0x00000000fe500000| PB 0x00000000fe500000| Untracked 
|  38|0x00000000fe600000, 0x00000000fe600000, 0x00000000fe700000|  0%| F|  |TAMS 0x00000000fe600000| PB 0x00000000fe600000| Untracked 
|  39|0x00000000fe700000, 0x00000000fe700000, 0x00000000fe800000|  0%| F|  |TAMS 0x00000000fe700000| PB 0x00000000fe700000| Untracked 
|  40|0x00000000fe800000, 0x00000000fe800000, 0x00000000fe900000|  0%| F|  |TAMS 0x00000000fe800000| PB 0x00000000fe800000| Untracked 
|  41|0x00000000fe900000, 0x00000000fe900000, 0x00000000fea00000|  0%| F|  |TAMS 0x00000000fe900000| PB 0x00000000fe900000| Untracked 
|  42|0x00000000fea00000, 0x00000000fea00000, 0x00000000feb00000|  0%| F|  |TAMS 0x00000000fea00000| PB 0x00000000fea00000| Untracked 
|  43|0x00000000feb00000, 0x00000000feb00000, 0x00000000fec00000|  0%| F|  |TAMS 0x00000000feb00000| PB 0x00000000feb00000| Untracked 
|  44|0x00000000fec00000, 0x00000000fec00000, 0x00000000fed00000|  0%| F|  |TAMS 0x00000000fec00000| PB 0x00000000fec00000| Untracked 
|  45|0x00000000fed00000, 0x00000000fed00000, 0x00000000fee00000|  0%| F|  |TAMS 0x00000000fed00000| PB 0x00000000fed00000| Untracked 
|  46|0x00000000fee00000, 0x00000000fee00000, 0x00000000fef00000|  0%| F|  |TAMS 0x00000000fee00000| PB 0x00000000fee00000| Untracked 
|  47|0x00000000fef00000, 0x00000000fef00000, 0x00000000ff000000|  0%| F|  |TAMS 0x00000000fef00000| PB 0x00000000fef00000| Untracked 
|  48|0x00000000ff000000, 0x00000000ff000000, 0x00000000ff100000|  0%| F|  |TAMS 0x00000000ff000000| PB 0x00000000ff000000| Untracked 
|  49|0x00000000ff100000, 0x00000000ff100000, 0x00000000ff200000|  0%| F|  |TAMS 0x00000000ff100000| PB 0x00000000ff100000| Untracked 
|  50|0x00000000ff200000, 0x00000000ff200000, 0x00000000ff300000|  0%| F|  |TAMS 0x00000000ff200000| PB 0x00000000ff200000| Untracked 
|  51|0x00000000ff300000, 0x00000000ff300000, 0x00000000ff400000|  0%| F|  |TAMS 0x00000000ff300000| PB 0x00000000ff300000| Untracked 
|  52|0x00000000ff400000, 0x00000000ff400000, 0x00000000ff500000|  0%| F|  |TAMS 0x00000000ff400000| PB 0x00000000ff400000| Untracked 
|  53|0x00000000ff500000, 0x00000000ff500000, 0x00000000ff600000|  0%| F|  |TAMS 0x00000000ff500000| PB 0x00000000ff500000| Untracked 
|  54|0x00000000ff600000, 0x00000000ff600000, 0x00000000ff700000|  0%| F|  |TAMS 0x00000000ff600000| PB 0x00000000ff600000| Untracked 
|  55|0x00000000ff700000, 0x00000000ff700000, 0x00000000ff800000|  0%| F|  |TAMS 0x00000000ff700000| PB 0x00000000ff700000| Untracked 
|  56|0x00000000ff800000, 0x00000000ff800000, 0x00000000ff900000|  0%| F|  |TAMS 0x00000000ff800000| PB 0x00000000ff800000| Untracked 
|  57|0x00000000ff900000, 0x00000000ff900000, 0x00000000ffa00000|  0%| F|  |TAMS 0x00000000ff900000| PB 0x00000000ff900000| Untracked 
|  58|0x00000000ffa00000, 0x00000000ffa00000, 0x00000000ffb00000|  0%| F|  |TAMS 0x00000000ffa00000| PB 0x00000000ffa00000| Untracked 
|  59|0x00000000ffb00000, 0x00000000ffb00000, 0x00000000ffc00000|  0%| F|  |TAMS 0x00000000ffb00000| PB 0x00000000ffb00000| Untracked 
|  60|0x00000000ffc00000, 0x00000000ffcf6000, 0x00000000ffd00000| 96%| E|  |TAMS 0x00000000ffc00000| PB 0x00000000ffc00000| Complete 
|  61|0x00000000ffd00000, 0x00000000ffe00000, 0x00000000ffe00000|100%| E|CS|TAMS 0x00000000ffd00000| PB 0x00000000ffd00000| Complete 
|  62|0x00000000ffe00000, 0x00000000fff00000, 0x00000000fff00000|100%| E|CS|TAMS 0x00000000ffe00000| PB 0x00000000ffe00000| Complete 
|  63|0x00000000fff00000, 0x0000000100000000, 0x0000000100000000|100%| E|CS|TAMS 0x00000000fff00000| PB 0x00000000fff00000| Complete 

Card table byte_map: [0x00000205edae0000,0x00000205edb00000] _byte_map_base: 0x00000205ed300000

Marking Bits: (CMBitMap*) 0x00000205efc371c0
 Bits: [0x00000205f82e0000, 0x00000205f83e0000)

Polling page: 0x00000205eda90000

Metaspace:

Usage:
  Non-class:     10.04 MB used.
      Class:      1.42 MB used.
       Both:     11.46 MB used.

Virtual space:
  Non-class space:       64.00 MB reserved,      10.19 MB ( 16%) committed,  1 nodes.
      Class space:        1.00 GB reserved,       1.56 MB ( <1%) committed,  1 nodes.
             Both:        1.06 GB reserved,      11.75 MB (  1%) committed. 

Chunk freelists:
   Non-Class:  5.82 MB
       Class:  14.44 MB
        Both:  20.26 MB

MaxMetaspaceSize: unlimited
CompressedClassSpaceSize: 1.00 GB
Initial GC threshold: 21.00 MB
Current GC threshold: 21.00 MB
CDS: on
 - commit_granule_bytes: 65536.
 - commit_granule_words: 8192.
 - virtual_space_node_default_size: 8388608.
 - enlarge_chunks_in_place: 1.
 - use_allocation_guard: 0.


Internal statistics:

num_allocs_failed_limit: 0.
num_arena_births: 356.
num_arena_deaths: 0.
num_vsnodes_births: 2.
num_vsnodes_deaths: 0.
num_space_committed: 188.
num_space_uncommitted: 0.
num_chunks_returned_to_freelist: 0.
num_chunks_taken_from_freelist: 722.
num_chunk_merges: 0.
num_chunk_splits: 450.
num_chunks_enlarged: 290.
num_inconsistent_stats: 0.

CodeHeap 'non-profiled nmethods': size=120000Kb used=1407Kb max_used=1407Kb free=118592Kb
 bounds [0x0000020587ad0000, 0x0000020587d40000, 0x000002058f000000]
CodeHeap 'profiled nmethods': size=120000Kb used=5366Kb max_used=5366Kb free=114634Kb
 bounds [0x0000020580000000, 0x0000020580540000, 0x0000020587530000]
CodeHeap 'non-nmethods': size=5760Kb used=1442Kb max_used=1509Kb free=4317Kb
 bounds [0x0000020587530000, 0x00000205877a0000, 0x0000020587ad0000]
 total_blobs=3347 nmethods=2822 adapters=429
 compilation: enabled
              stopped_count=0, restarted_count=0
 full_count=0

Compilation events (20 events):
Event: 1071.406 Thread 0x00000205fadb3a70 2810       3       java.io.ObjectStreamClass::hasReadResolveMethod (17 bytes)
Event: 1071.406 Thread 0x00000205fadb3a70 nmethod 2810 0x0000020580534210 code [0x00000205805343e0, 0x00000205805346c0]
Event: 1071.406 Thread 0x00000205fada5440 nmethod 2813 0x0000020587c2e890 code [0x0000020587c2ea40, 0x0000020587c2eb78]
Event: 1071.406 Thread 0x00000205fadb3a70 2815       3       java.io.ObjectInputStream::readClassDesc (121 bytes)
Event: 1071.406 Thread 0x00000205fada5440 2814       4       java.lang.invoke.DirectMethodHandle$Holder::invokeSpecial (15 bytes)
Event: 1071.407 Thread 0x00000205fada5440 nmethod 2814 0x0000020587c2ed10 code [0x0000020587c2eea0, 0x0000020587c2ef88]
Event: 1071.407 Thread 0x00000205fadb3a70 nmethod 2815 0x0000020580534810 code [0x0000020580534ba0, 0x0000020580536138]
Event: 1071.407 Thread 0x00000205fadb3a70 2816       3       java.io.ObjectInputStream::readString (117 bytes)
Event: 1071.408 Thread 0x00000205fadb3a70 nmethod 2816 0x0000020580536910 code [0x0000020580536c60, 0x0000020580537e38]
Event: 1071.408 Thread 0x00000205fadb3a70 2818   !   3       java.io.ObjectInputStream::readSerialData (474 bytes)
Event: 1071.408 Thread 0x00000205fada5440 2822       4       org.gradle.internal.serialize.kryo.KryoBackedDecoder::maybeReadBytes (11 bytes)
Event: 1071.411 Thread 0x00000205fadb3a70 nmethod 2818 0x0000020580538510 code [0x0000020580538a40, 0x000002058053b640]
Event: 1071.412 Thread 0x00000205fadb3a70 2817   !   3       java.io.ObjectInputStream$BlockDataInputStream::refill (136 bytes)
Event: 1071.412 Thread 0x00000205fadb3a70 nmethod 2817 0x000002058053c990 code [0x000002058053cba0, 0x000002058053d0f8]
Event: 1071.412 Thread 0x00000205fadb3a70 2819       3       sun.net.www.protocol.file.Handler::parseURL (18 bytes)
Event: 1071.413 Thread 0x00000205fadb3a70 nmethod 2819 0x000002058053d390 code [0x000002058053d540, 0x000002058053d700]
Event: 1071.413 Thread 0x00000205fadb3a70 2820       3       java.net.URLStreamHandler::parseURL (1124 bytes)
Event: 1071.413 Thread 0x00000205fada5440 nmethod 2822 0x0000020587c2f090 code [0x0000020587c2f240, 0x0000020587c2f5d0]
Event: 1071.415 Thread 0x00000205fada5440 2826       4       jdk.internal.reflect.ByteVectorImpl::getLength (7 bytes)
Event: 1071.415 Thread 0x00000205fada5440 nmethod 2826 0x0000020587c2fc10 code [0x0000020587c2fda0, 0x0000020587c2fe30]

GC Heap History (6 events):
Event: 0.728 GC heap before
{Heap before GC invocations=0 (full 0):
 garbage-first heap   total 65536K, used 22528K [0x00000000fc000000, 0x0000000100000000)
  region size 1024K, 23 young (23552K), 0 survivors (0K)
 Metaspace       used 1656K, committed 1856K, reserved 1114112K
  class space    used 148K, committed 256K, reserved 1048576K
}
Event: 0.736 GC heap after
{Heap after GC invocations=1 (full 0):
 garbage-first heap   total 65536K, used 2448K [0x00000000fc000000, 0x0000000100000000)
  region size 1024K, 3 young (3072K), 3 survivors (3072K)
 Metaspace       used 1656K, committed 1856K, reserved 1114112K
  class space    used 148K, committed 256K, reserved 1048576K
}
Event: 2.336 GC heap before
{Heap before GC invocations=1 (full 0):
 garbage-first heap   total 65536K, used 38288K [0x00000000fc000000, 0x0000000100000000)
  region size 1024K, 36 young (36864K), 3 survivors (3072K)
 Metaspace       used 8771K, committed 9088K, reserved 1114112K
  class space    used 1163K, committed 1344K, reserved 1048576K
}
Event: 2.347 GC heap after
{Heap after GC invocations=2 (full 0):
 garbage-first heap   total 65536K, used 12610K [0x00000000fc000000, 0x0000000100000000)
  region size 1024K, 5 young (5120K), 5 survivors (5120K)
 Metaspace       used 8771K, committed 9088K, reserved 1114112K
  class space    used 1163K, committed 1344K, reserved 1048576K
}
Event: 978.161 GC heap before
{Heap before GC invocations=2 (full 0):
 garbage-first heap   total 65536K, used 43330K [0x00000000fc000000, 0x0000000100000000)
  region size 1024K, 35 young (35840K), 5 survivors (5120K)
 Metaspace       used 11284K, committed 11584K, reserved 1114112K
  class space    used 1410K, committed 1536K, reserved 1048576K
}
Event: 978.232 GC heap after
{Heap after GC invocations=3 (full 0):
 garbage-first heap   total 65536K, used 13822K [0x00000000fc000000, 0x0000000100000000)
  region size 1024K, 2 young (2048K), 2 survivors (2048K)
 Metaspace       used 11284K, committed 11584K, reserved 1114112K
  class space    used 1410K, committed 1536K, reserved 1048576K
}

Dll operation events (13 events):
Event: 0.011 Loaded shared library C:\Program Files\Java\jdk-21.0.10\bin\java.dll
Event: 0.062 Loaded shared library C:\Program Files\Java\jdk-21.0.10\bin\jsvml.dll
Event: 0.096 Loaded shared library C:\Program Files\Java\jdk-21.0.10\bin\net.dll
Event: 0.100 Loaded shared library C:\Program Files\Java\jdk-21.0.10\bin\nio.dll
Event: 0.107 Loaded shared library C:\Program Files\Java\jdk-21.0.10\bin\zip.dll
Event: 0.117 Loaded shared library C:\Program Files\Java\jdk-21.0.10\bin\verify.dll
Event: 0.667 Loaded shared library C:\Program Files\Java\jdk-21.0.10\bin\jimage.dll
Event: 1.214 Loaded shared library C:\Program Files\Java\jdk-21.0.10\bin\management.dll
Event: 1.221 Loaded shared library C:\Program Files\Java\jdk-21.0.10\bin\management_ext.dll
Event: 1.305 Loaded shared library C:\Users\DELL\.gradle\native\1def1411415f61bf3af743bc5b6707747c0891f09f0c88961ee8f79bc544acac\windows-amd64\native-platform.dll
Event: 1.400 Loaded shared library C:\Users\DELL\.gradle\native\jansi\1.18\windows64\jansi.dll
Event: 1.727 Loaded shared library C:\Program Files\Java\jdk-21.0.10\bin\extnet.dll
Event: 7.143 Loaded shared library C:\Program Files\Java\jdk-21.0.10\bin\sunmscapi.dll

Deoptimization events (20 events):
Event: 978.233 Thread 0x00000205fad911b0 Uncommon trap: trap_request=0xffffff45 fr.pc=0x0000020587c0be14 relative=0x0000000000000074
Event: 978.233 Thread 0x00000205fad911b0 Uncommon trap: reason=unstable_if action=reinterpret pc=0x0000020587c0be14 method=java.util.concurrent.locks.AbstractQueuedSynchronizer$ConditionObject.canReacquire(Ljava/util/concurrent/locks/AbstractQueuedSynchronizer$ConditionNode;)Z @ 10 c2
Event: 978.233 Thread 0x00000205fad911b0 DEOPT PACKING pc=0x0000020587c0be14 sp=0x00000068353ff350
Event: 978.233 Thread 0x00000205fad911b0 DEOPT UNPACKING pc=0x00000205875846a2 sp=0x00000068353ff2e8 mode 2
Event: 1069.149 Thread 0x00000205fad92560 Uncommon trap: trap_request=0xffffff45 fr.pc=0x0000020587c00d64 relative=0x00000000000076a4
Event: 1069.149 Thread 0x00000205fad92560 Uncommon trap: reason=unstable_if action=reinterpret pc=0x0000020587c00d64 method=org.gradle.internal.logging.console.ProgressBar.formatProgress(ZJ)Ljava/util/List; @ 275 c2
Event: 1069.149 Thread 0x00000205fad92560 DEOPT PACKING pc=0x0000020587c00d64 sp=0x00000068355ff430
Event: 1069.149 Thread 0x00000205fad92560 DEOPT UNPACKING pc=0x00000205875846a2 sp=0x00000068355ff330 mode 2
Event: 1070.860 Thread 0x00000205ed8e1790 Uncommon trap: trap_request=0xffffff45 fr.pc=0x0000020587bf183c relative=0x00000000000007bc
Event: 1070.860 Thread 0x00000205ed8e1790 Uncommon trap: reason=unstable_if action=reinterpret pc=0x0000020587bf183c method=org.gradle.internal.logging.console.AbstractUserInputRenderer.onOutput(Lorg/gradle/internal/logging/events/OutputEvent;)V @ 64 c2
Event: 1070.860 Thread 0x00000205ed8e1790 DEOPT PACKING pc=0x0000020587bf183c sp=0x00000068342fd8d0
Event: 1070.860 Thread 0x00000205ed8e1790 DEOPT UNPACKING pc=0x00000205875846a2 sp=0x00000068342fd7c0 mode 2
Event: 1070.905 Thread 0x00000205fad93910 Uncommon trap: trap_request=0xffffffde fr.pc=0x0000020587c10158 relative=0x00000000000010b8
Event: 1070.905 Thread 0x00000205fad93910 Uncommon trap: reason=class_check action=maybe_recompile pc=0x0000020587c10158 method=java.util.concurrent.ThreadPoolExecutor.getTask()Ljava/lang/Runnable; @ 147 c2
Event: 1070.905 Thread 0x00000205fad93910 DEOPT PACKING pc=0x0000020587c10158 sp=0x0000006833fff220
Event: 1070.905 Thread 0x00000205fad93910 DEOPT UNPACKING pc=0x00000205875846a2 sp=0x0000006833fff218 mode 2
Event: 1071.375 Thread 0x00000205ed8e1790 Uncommon trap: trap_request=0xffffff45 fr.pc=0x0000020587b7c4e8 relative=0x0000000000000548
Event: 1071.376 Thread 0x00000205ed8e1790 Uncommon trap: reason=unstable_if action=reinterpret pc=0x0000020587b7c4e8 method=jdk.internal.org.objectweb.asm.MethodWriter.visitVarInsn(II)V @ 236 c2
Event: 1071.376 Thread 0x00000205ed8e1790 DEOPT PACKING pc=0x0000020587b7c4e8 sp=0x00000068342fa760
Event: 1071.376 Thread 0x00000205ed8e1790 DEOPT UNPACKING pc=0x00000205875846a2 sp=0x00000068342fa708 mode 2

Classes loaded (20 events):
Event: 1071.344 Loading class java/util/HashMap$UnsafeHolder
Event: 1071.344 Loading class java/util/HashMap$UnsafeHolder done
Event: 1071.356 Loading class java/io/ObjectStreamClass$1
Event: 1071.357 Loading class java/io/ObjectStreamClass$1 done
Event: 1071.358 Loading class java/io/ObjectStreamClass$MemberSignature
Event: 1071.359 Loading class java/io/ObjectStreamClass$MemberSignature done
Event: 1071.359 Loading class java/io/ObjectStreamClass$3
Event: 1071.359 Loading class java/io/ObjectStreamClass$3 done
Event: 1071.360 Loading class java/io/ObjectStreamClass$4
Event: 1071.360 Loading class java/io/ObjectStreamClass$4 done
Event: 1071.360 Loading class java/io/ObjectStreamClass$5
Event: 1071.360 Loading class java/io/ObjectStreamClass$5 done
Event: 1071.363 Loading class java/util/function/UnaryOperator
Event: 1071.363 Loading class java/util/function/UnaryOperator done
Event: 1071.375 Loading class java/net/UrlDeserializedState
Event: 1071.375 Loading class java/net/UrlDeserializedState done
Event: 1071.377 Loading class java/net/Proxy
Event: 1071.377 Loading class java/net/Proxy done
Event: 1071.399 Loading class java/io/ObjectStreamClass$ExceptionInfo
Event: 1071.399 Loading class java/io/ObjectStreamClass$ExceptionInfo done

Classes unloaded (0 events):
No events

Classes redefined (0 events):
No events

Internal exceptions (20 events):
Event: 2.002 Thread 0x00000205ed8e1790 Exception <a 'java/lang/NoSuchMethodError'{0x00000000fe10f648}: 'java.lang.Object java.lang.invoke.DirectMethodHandle$Holder.invokeVirtual(java.lang.Object, java.lang.Object, java.lang.Object, java.lang.Object, java.lang.Object, java.lang.Object, java.lang.Object, java.lang.Object, java.lang.Object, java.lang.Object)'> (0x00000000fe10f648) 
thrown [s\open\src\hotspot\share\interpreter\linkResolver.cpp, line 773]
Event: 2.043 Thread 0x00000205ed8e1790 Exception <a 'java/lang/NoSuchMethodError'{0x00000000fe1ffd38}: 'java.lang.Object java.lang.invoke.DirectMethodHandle$Holder.invokeVirtual(java.lang.Object, java.lang.Object, java.lang.Object, java.lang.Object, java.lang.Object, java.lang.Object, java.lang.Object, java.lang.Object, java.lang.Object)'> (0x00000000fe1ffd38) 
thrown [s\open\src\hotspot\share\interpreter\linkResolver.cpp, line 773]
Event: 2.095 Thread 0x00000205ed8e1790 Exception <a 'java/lang/NoSuchMethodError'{0x00000000fdf16550}: 'java.lang.Object java.lang.invoke.DirectMethodHandle$Holder.invokeVirtual(java.lang.Object, java.lang.Object, java.lang.Object, java.lang.Object, java.lang.Object, java.lang.Object, java.lang.Object, java.lang.Object)'> (0x00000000fdf16550) 
thrown [s\open\src\hotspot\share\interpreter\linkResolver.cpp, line 773]
Event: 2.126 Thread 0x00000205ed8e1790 Exception <a 'java/lang/NoSuchMethodError'{0x00000000fdf9f8b8}: 'java.lang.Object java.lang.invoke.DirectMethodHandle$Holder.invokeStaticInit(java.lang.Object, int, int, int, int)'> (0x00000000fdf9f8b8) 
thrown [s\open\src\hotspot\share\interpreter\linkResolver.cpp, line 773]
Event: 2.166 Thread 0x00000205ed8e1790 Exception <a 'java/lang/NoSuchMethodError'{0x00000000fde26198}: 'java.lang.Object java.lang.invoke.DirectMethodHandle$Holder.invokeStaticInit(java.lang.Object, java.lang.Object, int, int, int, int)'> (0x00000000fde26198) 
thrown [s\open\src\hotspot\share\interpreter\linkResolver.cpp, line 773]
Event: 2.206 Thread 0x00000205ed8e1790 Implicit null exception at 0x0000020587b1cd20 to 0x0000020587b1d2e8
Event: 2.210 Thread 0x00000205ed8e1790 Implicit null exception at 0x0000020587b36a20 to 0x0000020587b36fd8
Event: 2.352 Thread 0x00000205ed8e1790 Exception <a 'java/lang/NoSuchMethodError'{0x00000000fff0ea28}: 'void java.lang.invoke.DirectMethodHandle$Holder.invokeInterface(java.lang.Object, java.lang.Object, java.lang.Object)'> (0x00000000fff0ea28) 
thrown [s\open\src\hotspot\share\interpreter\linkResolver.cpp, line 773]
Event: 2.613 Thread 0x00000205fad92bf0 Exception <a 'java/lang/NoSuchMethodError'{0x00000000ffaacd18}: 'void java.lang.invoke.DirectMethodHandle$Holder.invokeStatic(java.lang.Object, long)'> (0x00000000ffaacd18) 
thrown [s\open\src\hotspot\share\interpreter\linkResolver.cpp, line 773]
Event: 2.614 Thread 0x00000205fad92bf0 Exception <a 'java/lang/NoSuchMethodError'{0x00000000ffab1fa0}: 'java.lang.Object java.lang.invoke.DirectMethodHandle$Holder.newInvokeSpecial(java.lang.Object, long)'> (0x00000000ffab1fa0) 
thrown [s\open\src\hotspot\share\interpreter\linkResolver.cpp, line 773]
Event: 2.616 Thread 0x00000205fad92bf0 Exception <a 'java/lang/NoSuchMethodError'{0x00000000ffab8c88}: 'java.lang.Object java.lang.invoke.DirectMethodHandle$Holder.invokeStatic(java.lang.Object, long, java.lang.Object)'> (0x00000000ffab8c88) 
thrown [s\open\src\hotspot\share\interpreter\linkResolver.cpp, line 773]
Event: 2.617 Thread 0x00000205fad92bf0 Exception <a 'java/lang/NoSuchMethodError'{0x00000000ffabc420}: 'java.lang.Object java.lang.invoke.DirectMethodHandle$Holder.invokeStaticInit(java.lang.Object, long, java.lang.Object)'> (0x00000000ffabc420) 
thrown [s\open\src\hotspot\share\interpreter\linkResolver.cpp, line 773]
Event: 1071.319 Thread 0x00000205ed8e1790 Exception <a 'java/lang/NoSuchMethodError'{0x00000000fff882f0}: 'long java.lang.invoke.DirectMethodHandle$Holder.invokeSpecial(java.lang.Object, java.lang.Object)'> (0x00000000fff882f0) 
thrown [s\open\src\hotspot\share\interpreter\linkResolver.cpp, line 773]
Event: 1071.321 Thread 0x00000205ed8e1790 Exception <a 'java/lang/NoSuchMethodError'{0x00000000fff8bae0}: 'long java.lang.invoke.Invokers$Holder.invokeExact_MT(java.lang.Object, java.lang.Object)'> (0x00000000fff8bae0) 
thrown [s\open\src\hotspot\share\interpreter\linkResolver.cpp, line 773]
Event: 1071.359 Thread 0x00000205ed8e1790 Exception <a 'java/lang/NoSuchMethodError'{0x00000000fffc25e8}: static Lorg/gradle/tooling/internal/provider/serialization/ClassLoaderDetails;.<clinit>()V> (0x00000000fffc25e8) 
thrown [s\open\src\hotspot\share\prims\jni.cpp, line 1111]
Event: 1071.367 Thread 0x00000205ed8e1790 Exception <a 'java/lang/NoSuchMethodError'{0x00000000ffdd6b00}: static Lorg/gradle/internal/classloader/ClassLoaderSpec;.<clinit>()V> (0x00000000ffdd6b00) 
thrown [s\open\src\hotspot\share\prims\jni.cpp, line 1111]
Event: 1071.368 Thread 0x00000205ed8e1790 Exception <a 'java/lang/NoSuchMethodError'{0x00000000ffde1c58}: static Lorg/gradle/tooling/internal/provider/serialization/WellKnownClassLoaderRegistry$KnownClassLoaderSpec;.<clinit>()V> (0x00000000ffde1c58) 
thrown [s\open\src\hotspot\share\prims\jni.cpp, line 1111]
Event: 1071.370 Thread 0x00000205ed8e1790 Exception <a 'java/lang/NoSuchMethodError'{0x00000000ffdf8c08}: static Lorg/gradle/internal/classloader/ClassLoaderSpec;.<clinit>()V> (0x00000000ffdf8c08) 
thrown [s\open\src\hotspot\share\prims\jni.cpp, line 1111]
Event: 1071.374 Thread 0x00000205ed8e1790 Exception <a 'java/lang/NoSuchMethodError'{0x00000000ffc085b0}: static Lorg/gradle/internal/classloader/VisitableURLClassLoader$Spec;.<clinit>()V> (0x00000000ffc085b0) 
thrown [s\open\src\hotspot\share\prims\jni.cpp, line 1111]
Event: 1071.413 Thread 0x00000205ed8e1790 Exception <a 'java/lang/NoSuchMethodError'{0x00000000ffcd25c8}: static Lorg/gradle/internal/classloader/FilteringClassLoader$Spec;.<clinit>()V> (0x00000000ffcd25c8) 
thrown [s\open\src\hotspot\share\prims\jni.cpp, line 1111]

ZGC Phase Switch (0 events):
No events

VM Operations (20 events):
Event: 762.513 Executing VM operation: Cleanup done
Event: 962.364 Executing VM operation: HandshakeAllThreads (HandshakeForDeflation)
Event: 962.364 Executing VM operation: HandshakeAllThreads (HandshakeForDeflation) done
Event: 962.364 Executing VM operation: RendezvousGCThreads
Event: 962.364 Executing VM operation: RendezvousGCThreads done
Event: 978.159 Executing VM operation: G1CollectForAllocation (G1 Evacuation Pause)
Event: 978.232 Executing VM operation: G1CollectForAllocation (G1 Evacuation Pause) done
Event: 979.246 Executing VM operation: Cleanup
Event: 979.246 Executing VM operation: Cleanup done
Event: 1022.522 Executing VM operation: HandshakeAllThreads (HandshakeForDeflation)
Event: 1022.522 Executing VM operation: HandshakeAllThreads (HandshakeForDeflation) done
Event: 1022.522 Executing VM operation: Cleanup
Event: 1022.522 Executing VM operation: Cleanup done
Event: 1022.522 Executing VM operation: RendezvousGCThreads
Event: 1022.522 Executing VM operation: RendezvousGCThreads done
Event: 1069.966 Executing VM operation: Cleanup
Event: 1069.966 Executing VM operation: Cleanup done
Event: 1070.979 Executing VM operation: Cleanup
Event: 1070.979 Executing VM operation: Cleanup done
Event: 1071.980 Executing VM operation: Cleanup

Events (20 events):
Event: 0.059 Thread 0x00000205fad8fbe0 Thread added: 0x00000205fad8fbe0
Event: 0.059 Thread 0x00000205fad90b20 Thread added: 0x00000205fad90b20
Event: 0.059 Thread 0x00000205fad91ed0 Thread added: 0x00000205fad91ed0
Event: 0.059 Thread 0x00000205fad93280 Thread added: 0x00000205fad93280
Event: 0.059 Thread 0x00000205fada5440 Thread added: 0x00000205fada5440
Event: 0.059 Thread 0x00000205fadb3a70 Thread added: 0x00000205fadb3a70
Event: 0.085 Thread 0x00000205fad91840 Thread added: 0x00000205fad91840
Event: 0.090 Thread 0x00000205fad911b0 Thread added: 0x00000205fad911b0
Event: 0.534 Thread 0x00000205fadb2600 Thread added: 0x00000205fadb2600
Event: 0.657 Thread 0x00000205fadb0ac0 Thread added: 0x00000205fadb0ac0
Event: 1.150 Thread 0x00000205fadb0ac0 Thread exited: 0x00000205fadb0ac0
Event: 1.445 Thread 0x00000205fad92560 Thread added: 0x00000205fad92560
Event: 2.596 Thread 0x00000205fad92bf0 Thread added: 0x00000205fad92bf0
Event: 2.624 Thread 0x00000205fad93910 Thread added: 0x00000205fad93910
Event: 2.626 Thread 0x00000205d018c430 Thread added: 0x00000205d018c430
Event: 2.629 Thread 0x00000205fad93910 Thread exited: 0x00000205fad93910
Event: 2.959 Thread 0x00000205fadb2600 Thread exited: 0x00000205fadb2600
Event: 6.981 Thread 0x00000205fad92bf0 Thread exited: 0x00000205fad92bf0
Event: 6.982 Thread 0x00000205d018c430 Thread exited: 0x00000205d018c430
Event: 1070.889 Thread 0x00000205fad93910 Thread added: 0x00000205fad93910


Dynamic libraries:
0x00007ff7487e0000 - 0x00007ff7487f0000 	C:\Program Files\Java\jdk-21.0.10\bin\java.exe
0x00007ffee7280000 - 0x00007ffee74e6000 	C:\WINDOWS\SYSTEM32\ntdll.dll
0x00007ffee5680000 - 0x00007ffee5749000 	C:\WINDOWS\System32\KERNEL32.DLL
0x00007ffee4a30000 - 0x00007ffee4e2a000 	C:\WINDOWS\System32\KERNELBASE.dll
0x00007ffee48e0000 - 0x00007ffee4a2c000 	C:\WINDOWS\System32\ucrtbase.dll
0x00007ffea9d20000 - 0x00007ffea9d39000 	C:\Program Files\Java\jdk-21.0.10\bin\jli.dll
0x00007ffe98570000 - 0x00007ffe9858e000 	C:\Program Files\Java\jdk-21.0.10\bin\VCRUNTIME140.dll
0x00007ffee4ff0000 - 0x00007ffee50a6000 	C:\WINDOWS\System32\ADVAPI32.dll
0x00007ffee5240000 - 0x00007ffee52e9000 	C:\WINDOWS\System32\msvcrt.dll
0x00007ffee6a60000 - 0x00007ffee6b0a000 	C:\WINDOWS\System32\sechost.dll
0x00007ffee5750000 - 0x00007ffee5868000 	C:\WINDOWS\System32\RPCRT4.dll
0x00007ffee6b10000 - 0x00007ffee6cd7000 	C:\WINDOWS\System32\USER32.dll
0x00007ffee4730000 - 0x00007ffee4757000 	C:\WINDOWS\System32\win32u.dll
0x00007ffecf700000 - 0x00007ffecf992000 	C:\WINDOWS\WinSxS\amd64_microsoft.windows.common-controls_6595b64144ccf1df_6.0.26100.8521_none_3e08b75ce33403b3\COMCTL32.dll
0x00007ffee50b0000 - 0x00007ffee50db000 	C:\WINDOWS\System32\GDI32.dll
0x00007ffee4e30000 - 0x00007ffee4f5b000 	C:\WINDOWS\System32\gdi32full.dll
0x00007ffee45c0000 - 0x00007ffee4663000 	C:\WINDOWS\System32\msvcp_win.dll
0x00007ffed4d10000 - 0x00007ffed4d1b000 	C:\WINDOWS\SYSTEM32\VERSION.dll
0x00007ffee6730000 - 0x00007ffee6762000 	C:\WINDOWS\System32\IMM32.DLL
0x00007ffeb4cf0000 - 0x00007ffeb4cfc000 	C:\Program Files\Java\jdk-21.0.10\bin\vcruntime140_1.dll
0x00007ffe6c6a0000 - 0x00007ffe6c72d000 	C:\Program Files\Java\jdk-21.0.10\bin\msvcp140.dll
0x00007ffe1dc90000 - 0x00007ffe1e9b7000 	C:\Program Files\Java\jdk-21.0.10\bin\server\jvm.dll
0x00007ffee71b0000 - 0x00007ffee7230000 	C:\WINDOWS\System32\WS2_32.dll
0x00007ffee4370000 - 0x00007ffee43ce000 	C:\WINDOWS\SYSTEM32\POWRPROF.dll
0x00007ffed0830000 - 0x00007ffed0866000 	C:\WINDOWS\SYSTEM32\WINMM.dll
0x00007ffee4350000 - 0x00007ffee4364000 	C:\WINDOWS\SYSTEM32\UMPDC.dll
0x00007ffee3260000 - 0x00007ffee327b000 	C:\WINDOWS\SYSTEM32\kernel.appcore.dll
0x00007ffeb3b70000 - 0x00007ffeb3b7a000 	C:\Program Files\Java\jdk-21.0.10\bin\jimage.dll
0x00007ffedeb20000 - 0x00007ffeded62000 	C:\WINDOWS\SYSTEM32\DBGHELP.DLL
0x00007ffee6df0000 - 0x00007ffee7173000 	C:\WINDOWS\System32\combase.dll
0x00007ffee59d0000 - 0x00007ffee5aa9000 	C:\WINDOWS\System32\OLEAUT32.dll
0x00007ffecacc0000 - 0x00007ffecacfb000 	C:\WINDOWS\SYSTEM32\dbgcore.DLL
0x00007ffee4510000 - 0x00007ffee45b8000 	C:\WINDOWS\System32\bcryptPrimitives.dll
0x00007ffe93900000 - 0x00007ffe93921000 	C:\Program Files\Java\jdk-21.0.10\bin\java.dll
0x00007ffee5b10000 - 0x00007ffee6294000 	C:\WINDOWS\System32\SHELL32.dll
0x00007ffee2090000 - 0x00007ffee2910000 	C:\WINDOWS\SYSTEM32\windows.storage.dll
0x00007ffee6ce0000 - 0x00007ffee6dd6000 	C:\WINDOWS\System32\SHCORE.dll
0x00007ffee5560000 - 0x00007ffee55c7000 	C:\WINDOWS\System32\shlwapi.dll
0x00007ffee4430000 - 0x00007ffee4459000 	C:\WINDOWS\SYSTEM32\profapi.dll
0x00007ffe55790000 - 0x00007ffe55867000 	C:\Program Files\Java\jdk-21.0.10\bin\jsvml.dll
0x00007ffe925b0000 - 0x00007ffe925c1000 	C:\Program Files\Java\jdk-21.0.10\bin\net.dll
0x00007ffeda3e0000 - 0x00007ffeda509000 	C:\WINDOWS\SYSTEM32\WINHTTP.dll
0x00007ffee37b0000 - 0x00007ffee381c000 	C:\WINDOWS\system32\mswsock.dll
0x00007ffe92590000 - 0x00007ffe925a6000 	C:\Program Files\Java\jdk-21.0.10\bin\nio.dll
0x00007ffe90600000 - 0x00007ffe90618000 	C:\Program Files\Java\jdk-21.0.10\bin\zip.dll
0x00007ffeb0b40000 - 0x00007ffeb0b50000 	C:\Program Files\Java\jdk-21.0.10\bin\verify.dll
0x00007ffeb0590000 - 0x00007ffeb059a000 	C:\Program Files\Java\jdk-21.0.10\bin\management.dll
0x00007ffeaee40000 - 0x00007ffeaee4c000 	C:\Program Files\Java\jdk-21.0.10\bin\management_ext.dll
0x00007ffee58c0000 - 0x00007ffee58c8000 	C:\WINDOWS\System32\PSAPI.DLL
0x00007ffec8000000 - 0x00007ffec8027000 	C:\Users\DELL\.gradle\native\1def1411415f61bf3af743bc5b6707747c0891f09f0c88961ee8f79bc544acac\windows-amd64\native-platform.dll
0x00007ffeaee00000 - 0x00007ffeaee0a000 	C:\Users\DELL\.gradle\native\jansi\1.18\windows64\jansi.dll
0x00007ffee2c40000 - 0x00007ffee2c73000 	C:\WINDOWS\SYSTEM32\IPHLPAPI.DLL
0x00007ffee5670000 - 0x00007ffee567a000 	C:\WINDOWS\System32\NSI.dll
0x00007ffeade30000 - 0x00007ffeade39000 	C:\Program Files\Java\jdk-21.0.10\bin\extnet.dll
0x00007ffee3bb0000 - 0x00007ffee3bcb000 	C:\WINDOWS\SYSTEM32\CRYPTSP.dll
0x00007ffee31c0000 - 0x00007ffee31f9000 	C:\WINDOWS\system32\rsaenh.dll
0x00007ffee3860000 - 0x00007ffee3893000 	C:\WINDOWS\SYSTEM32\USERENV.dll
0x00007ffee4400000 - 0x00007ffee442a000 	C:\WINDOWS\SYSTEM32\bcrypt.dll
0x00007ffee3a10000 - 0x00007ffee3a1c000 	C:\WINDOWS\SYSTEM32\CRYPTBASE.dll
0x00007ffead6b0000 - 0x00007ffead6be000 	C:\Program Files\Java\jdk-21.0.10\bin\sunmscapi.dll
0x00007ffee4760000 - 0x00007ffee48d8000 	C:\WINDOWS\System32\CRYPT32.dll
0x00007ffee3d10000 - 0x00007ffee3d40000 	C:\WINDOWS\SYSTEM32\ncrypt.dll
0x00007ffee3cc0000 - 0x00007ffee3cff000 	C:\WINDOWS\SYSTEM32\NTASN1.dll
0x00007ffec1d60000 - 0x00007ffec1d68000 	C:\WINDOWS\system32\wshunix.dll

dbghelp: loaded successfully - version: 4.0.5 - missing functions: none
symbol engine: initialized successfully - sym options: 0x614 - pdb path: .;C:\Program Files\Java\jdk-21.0.10\bin;C:\WINDOWS\SYSTEM32;C:\WINDOWS\WinSxS\amd64_microsoft.windows.common-controls_6595b64144ccf1df_6.0.26100.8521_none_3e08b75ce33403b3;C:\Program Files\Java\jdk-21.0.10\bin\server;C:\Users\DELL\.gradle\native\1def1411415f61bf3af743bc5b6707747c0891f09f0c88961ee8f79bc544acac\windows-amd64;C:\Users\DELL\.gradle\native\jansi\1.18\windows64

VM Arguments:
jvm_args: -Xmx64m -Xms64m -Dorg.gradle.appname=gradlew 
java_command: org.gradle.wrapper.GradleWrapperMain app:installDebug -x lint -PreactNativeDevServerPort=8081
java_class_path (initial): D:\bidding\caryanam-beading-apk\android\\gradle\wrapper\gradle-wrapper.jar
Launcher Type: SUN_STANDARD

[Global flags]
     intx CICompilerCount                          = 4                                         {product} {ergonomic}
     uint ConcGCThreads                            = 2                                         {product} {ergonomic}
     uint G1ConcRefinementThreads                  = 8                                         {product} {ergonomic}
   size_t G1HeapRegionSize                         = 1048576                                   {product} {ergonomic}
    uintx GCDrainStackTargetSize                   = 64                                        {product} {ergonomic}
   size_t InitialHeapSize                          = 67108864                                  {product} {command line}
   size_t MarkStackSize                            = 4194304                                   {product} {ergonomic}
   size_t MaxHeapSize                              = 67108864                                  {product} {command line}
   size_t MaxNewSize                               = 39845888                                  {product} {ergonomic}
   size_t MinHeapDeltaBytes                        = 1048576                                   {product} {ergonomic}
   size_t MinHeapSize                              = 67108864                                  {product} {command line}
    uintx NonNMethodCodeHeapSize                   = 5839372                                {pd product} {ergonomic}
    uintx NonProfiledCodeHeapSize                  = 122909434                              {pd product} {ergonomic}
    uintx ProfiledCodeHeapSize                     = 122909434                              {pd product} {ergonomic}
    uintx ReservedCodeCacheSize                    = 251658240                              {pd product} {ergonomic}
     bool SegmentedCodeCache                       = true                                      {product} {ergonomic}
   size_t SoftMaxHeapSize                          = 67108864                               {manageable} {ergonomic}
     bool UseCompressedOops                        = true                           {product lp64_product} {ergonomic}
     bool UseG1GC                                  = true                                      {product} {ergonomic}
     bool UseLargePagesIndividualAllocation        = false                                  {pd product} {ergonomic}

Logging:
Log output configuration:
 #0: stdout all=warning uptime,level,tags foldmultilines=false
 #1: stderr all=off uptime,level,tags foldmultilines=false

Environment Variables:
CLASSPATH=D:\bidding\caryanam-beading-apk\android\\gradle\wrapper\gradle-wrapper.jar
PATH=D:\bidding\caryanam-beading-apk\node_modules\.bin;D:\bidding\caryanam-beading-apk\node_modules\.bin;D:\bidding\node_modules\.bin;D:\node_modules\.bin;C:\Program Files\nodejs\node_modules\npm\node_modules\@npmcli\run-script\lib\node-gyp-bin;C:\Program Files\Common Files\Oracle\Java\javapath;C:\WINDOWS\system32;C:\WINDOWS;C:\WINDOWS\System32\Wbem;C:\WINDOWS\System32\WindowsPowerShell\v1.0\;C:\WINDOWS\System32\OpenSSH\;C:\Program Files\dotnet\;C:\Program Files\Git\cmd;C:\Program Files\nodejs\;C:\Program Files\Java\jdk-21.0.10;C:\platform-tools-latest-windows\platform-tools;C:\Users\DELL\AppData\Local\Android\Sdk;%ANDROID_HOME%\platform-tools;%ANDROID_HOME%\emulator;%ANDROID_HOME%\cmdline-tools\latest\bin;C:\Users\DELL\AppData\Local\Android\Sdk\cmdline-tools\latest\bin;C:\Users\DELL\.local\bin;C:\Users\DELL\anaconda3;C:\Users\DELL\anaconda3\Library\mingw-w64\bin;C:\Users\DELL\anaconda3\Library\usr\bin;C:\Users\DELL\anaconda3\Library\bin;C:\Users\DELL\anaconda3\Scripts;C:\Program Files\MySQL\MySQL Shell 8.0\bin\;C:\Users\DELL\AppData\Local\Microsoft\WindowsApps;C:\Users\DELL\AppData\Local\Programs\Microsoft VS Code\bin;C:\Users\DELL\AppData\Roaming\npm;C:\Users\DELL\AppData\Local\Programs\Antigravity IDE\bin
USERNAME=KM
OS=Windows_NT
PROCESSOR_IDENTIFIER=Intel64 Family 6 Model 142 Stepping 12, GenuineIntel
TMP=C:\Users\DELL\AppData\Local\Temp
TEMP=C:\Users\DELL\AppData\Local\Temp




Periodic native trim disabled

---------------  S Y S T E M  ---------------

OS:
 Windows 11 , 64 bit Build 26100 (10.0.26100.8521)
OS uptime: 39 days 18:32 hours
Hyper-V role detected

CPU: total 8 (initial active 8) (4 cores per cpu, 2 threads per core) family 6 model 142 stepping 12 microcode 0x100, cx8, cmov, fxsr, ht, mmx, 3dnowpref, sse, sse2, sse3, ssse3, sse4.1, sse4.2, popcnt, lzcnt, tsc, tscinvbit, avx, avx2, aes, erms, clmul, bmi1, bmi2, adx, fma, vzeroupper, clflush, clflushopt, hv, rdtscp, f16c
Processor Information for all 8 processors :
  Max Mhz: 2208, Current Mhz: 1706, Mhz Limit: 1700

Memory: 4k page, system-wide physical 16067M (3214M free)
TotalPageFile size 51919M (AvailPageFile size 0M)
current process WorkingSet (physical memory assigned to process): 64M, peak: 121M
current process commit charge ("private bytes"): 174M, peak: 196M

vm_info: Java HotSpot(TM) 64-Bit Server VM (21.0.10+8-LTS-217) for windows-amd64 JRE (21.0.10+8-LTS-217), built on 2025-12-18T14:59:28Z by "mach5run" with MS VC++ 17.13 (VS2022)

END.
